Jul 24 2025 09:07:01
{"Number":8192,"Message":"explode(): Passing null to parameter #2 ($string) of type string is deprecated","File":"\/var\/www\/vhosts\/sankyo-steel.com\/httpdocs\/wp-content\/plugins\/all-in-one-wp-migration\/functions.php","Line":355}

Jul 24 2025 09:07:01
{"type":8192,"message":"Return type of Ai1wm_Recursive_Exclude_Filter::accept() should either be compatible with FilterIterator::accept(): bool, or the #[\\ReturnTypeWillChange] attribute should be used to temporarily suppress the notice","file":"\/var\/www\/vhosts\/sankyo-steel.com\/httpdocs\/wp-content\/plugins\/all-in-one-wp-migration\/lib\/vendor\/servmask\/filter\/class-ai1wm-recursive-exclude-filter.php","line":43}

Jul 24 2025 09:07:02
{"type":8192,"message":"Return type of Ai1wm_Recursive_Exclude_Filter::accept() should either be compatible with FilterIterator::accept(): bool, or the #[\\ReturnTypeWillChange] attribute should be used to temporarily suppress the notice","file":"\/var\/www\/vhosts\/sankyo-steel.com\/httpdocs\/wp-content\/plugins\/all-in-one-wp-migration\/lib\/vendor\/servmask\/filter\/class-ai1wm-recursive-exclude-filter.php","line":43}

Jul 24 2025 09:07:02
{"type":8192,"message":"Return type of Ai1wm_Recursive_Exclude_Filter::accept() should either be compatible with FilterIterator::accept(): bool, or the #[\\ReturnTypeWillChange] attribute should be used to temporarily suppress the notice","file":"\/var\/www\/vhosts\/sankyo-steel.com\/httpdocs\/wp-content\/plugins\/all-in-one-wp-migration\/lib\/vendor\/servmask\/filter\/class-ai1wm-recursive-exclude-filter.php","line":43}

Jul 24 2025 09:07:02
{"type":8192,"message":"Return type of Ai1wm_Recursive_Exclude_Filter::accept() should either be compatible with FilterIterator::accept(): bool, or the #[\\ReturnTypeWillChange] attribute should be used to temporarily suppress the notice","file":"\/var\/www\/vhosts\/sankyo-steel.com\/httpdocs\/wp-content\/plugins\/all-in-one-wp-migration\/lib\/vendor\/servmask\/filter\/class-ai1wm-recursive-exclude-filter.php","line":43}

Jul 24 2025 09:07:03
{"type":8192,"message":"Return type of Ai1wm_Recursive_Exclude_Filter::accept() should either be compatible with FilterIterator::accept(): bool, or the #[\\ReturnTypeWillChange] attribute should be used to temporarily suppress the notice","file":"\/var\/www\/vhosts\/sankyo-steel.com\/httpdocs\/wp-content\/plugins\/all-in-one-wp-migration\/lib\/vendor\/servmask\/filter\/class-ai1wm-recursive-exclude-filter.php","line":43}

Jul 24 2025 09:07:04
{"type":8192,"message":"Return type of Ai1wm_Recursive_Exclude_Filter::accept() should either be compatible with FilterIterator::accept(): bool, or the #[\\ReturnTypeWillChange] attribute should be used to temporarily suppress the notice","file":"\/var\/www\/vhosts\/sankyo-steel.com\/httpdocs\/wp-content\/plugins\/all-in-one-wp-migration\/lib\/vendor\/servmask\/filter\/class-ai1wm-recursive-exclude-filter.php","line":43}

Jul 24 2025 09:07:04
{"type":8192,"message":"Return type of Ai1wm_Recursive_Exclude_Filter::accept() should either be compatible with FilterIterator::accept(): bool, or the #[\\ReturnTypeWillChange] attribute should be used to temporarily suppress the notice","file":"\/var\/www\/vhosts\/sankyo-steel.com\/httpdocs\/wp-content\/plugins\/all-in-one-wp-migration\/lib\/vendor\/servmask\/filter\/class-ai1wm-recursive-exclude-filter.php","line":43}

Jul 24 2025 09:07:05
{"type":8192,"message":"Return type of Ai1wm_Recursive_Exclude_Filter::accept() should either be compatible with FilterIterator::accept(): bool, or the #[\\ReturnTypeWillChange] attribute should be used to temporarily suppress the notice","file":"\/var\/www\/vhosts\/sankyo-steel.com\/httpdocs\/wp-content\/plugins\/all-in-one-wp-migration\/lib\/vendor\/servmask\/filter\/class-ai1wm-recursive-exclude-filter.php","line":43}

Jul 24 2025 09:07:06
{"type":8192,"message":"Return type of Ai1wm_Recursive_Exclude_Filter::accept() should either be compatible with FilterIterator::accept(): bool, or the #[\\ReturnTypeWillChange] attribute should be used to temporarily suppress the notice","file":"\/var\/www\/vhosts\/sankyo-steel.com\/httpdocs\/wp-content\/plugins\/all-in-one-wp-migration\/lib\/vendor\/servmask\/filter\/class-ai1wm-recursive-exclude-filter.php","line":43}

Jul 24 2025 09:07:06
{"type":8192,"message":"Return type of Ai1wm_Recursive_Exclude_Filter::accept() should either be compatible with FilterIterator::accept(): bool, or the #[\\ReturnTypeWillChange] attribute should be used to temporarily suppress the notice","file":"\/var\/www\/vhosts\/sankyo-steel.com\/httpdocs\/wp-content\/plugins\/all-in-one-wp-migration\/lib\/vendor\/servmask\/filter\/class-ai1wm-recursive-exclude-filter.php","line":43}

Jul 24 2025 09:07:07
{"type":8192,"message":"Return type of Ai1wm_Recursive_Exclude_Filter::accept() should either be compatible with FilterIterator::accept(): bool, or the #[\\ReturnTypeWillChange] attribute should be used to temporarily suppress the notice","file":"\/var\/www\/vhosts\/sankyo-steel.com\/httpdocs\/wp-content\/plugins\/all-in-one-wp-migration\/lib\/vendor\/servmask\/filter\/class-ai1wm-recursive-exclude-filter.php","line":43}

Jul 24 2025 09:07:08
{"type":8192,"message":"Return type of Ai1wm_Recursive_Exclude_Filter::accept() should either be compatible with FilterIterator::accept(): bool, or the #[\\ReturnTypeWillChange] attribute should be used to temporarily suppress the notice","file":"\/var\/www\/vhosts\/sankyo-steel.com\/httpdocs\/wp-content\/plugins\/all-in-one-wp-migration\/lib\/vendor\/servmask\/filter\/class-ai1wm-recursive-exclude-filter.php","line":43}

Jul 24 2025 09:07:08
{"type":8192,"message":"Return type of Ai1wm_Recursive_Exclude_Filter::accept() should either be compatible with FilterIterator::accept(): bool, or the #[\\ReturnTypeWillChange] attribute should be used to temporarily suppress the notice","file":"\/var\/www\/vhosts\/sankyo-steel.com\/httpdocs\/wp-content\/plugins\/all-in-one-wp-migration\/lib\/vendor\/servmask\/filter\/class-ai1wm-recursive-exclude-filter.php","line":43}

Jul 24 2025 09:07:09
{"type":8192,"message":"Return type of Ai1wm_Recursive_Exclude_Filter::accept() should either be compatible with FilterIterator::accept(): bool, or the #[\\ReturnTypeWillChange] attribute should be used to temporarily suppress the notice","file":"\/var\/www\/vhosts\/sankyo-steel.com\/httpdocs\/wp-content\/plugins\/all-in-one-wp-migration\/lib\/vendor\/servmask\/filter\/class-ai1wm-recursive-exclude-filter.php","line":43}

Jul 24 2025 09:07:09
{"type":8192,"message":"Return type of Ai1wm_Recursive_Exclude_Filter::accept() should either be compatible with FilterIterator::accept(): bool, or the #[\\ReturnTypeWillChange] attribute should be used to temporarily suppress the notice","file":"\/var\/www\/vhosts\/sankyo-steel.com\/httpdocs\/wp-content\/plugins\/all-in-one-wp-migration\/lib\/vendor\/servmask\/filter\/class-ai1wm-recursive-exclude-filter.php","line":43}

Jul 24 2025 09:07:09
{"type":8192,"message":"Return type of Ai1wm_Recursive_Exclude_Filter::accept() should either be compatible with FilterIterator::accept(): bool, or the #[\\ReturnTypeWillChange] attribute should be used to temporarily suppress the notice","file":"\/var\/www\/vhosts\/sankyo-steel.com\/httpdocs\/wp-content\/plugins\/all-in-one-wp-migration\/lib\/vendor\/servmask\/filter\/class-ai1wm-recursive-exclude-filter.php","line":43}

Jul 24 2025 09:07:10
{"type":8192,"message":"Return type of Ai1wm_Recursive_Exclude_Filter::accept() should either be compatible with FilterIterator::accept(): bool, or the #[\\ReturnTypeWillChange] attribute should be used to temporarily suppress the notice","file":"\/var\/www\/vhosts\/sankyo-steel.com\/httpdocs\/wp-content\/plugins\/all-in-one-wp-migration\/lib\/vendor\/servmask\/filter\/class-ai1wm-recursive-exclude-filter.php","line":43}

Jul 24 2025 09:08:44
{"type":8192,"message":"Return type of Ai1wm_Recursive_Exclude_Filter::accept() should either be compatible with FilterIterator::accept(): bool, or the #[\\ReturnTypeWillChange] attribute should be used to temporarily suppress the notice","file":"\/var\/www\/vhosts\/sankyo-steel.com\/httpdocs\/wp-content\/plugins\/all-in-one-wp-migration\/lib\/vendor\/servmask\/filter\/class-ai1wm-recursive-exclude-filter.php","line":43}

Jul 24 2025 09:08:45
{"type":8192,"message":"Return type of Ai1wm_Recursive_Exclude_Filter::accept() should either be compatible with FilterIterator::accept(): bool, or the #[\\ReturnTypeWillChange] attribute should be used to temporarily suppress the notice","file":"\/var\/www\/vhosts\/sankyo-steel.com\/httpdocs\/wp-content\/plugins\/all-in-one-wp-migration\/lib\/vendor\/servmask\/filter\/class-ai1wm-recursive-exclude-filter.php","line":43}

Jul 24 2025 09:08:45
{"type":8192,"message":"Return type of Ai1wm_Recursive_Exclude_Filter::accept() should either be compatible with FilterIterator::accept(): bool, or the #[\\ReturnTypeWillChange] attribute should be used to temporarily suppress the notice","file":"\/var\/www\/vhosts\/sankyo-steel.com\/httpdocs\/wp-content\/plugins\/all-in-one-wp-migration\/lib\/vendor\/servmask\/filter\/class-ai1wm-recursive-exclude-filter.php","line":43}

Jul 24 2025 09:08:45
{"type":8192,"message":"Return type of Ai1wm_Recursive_Exclude_Filter::accept() should either be compatible with FilterIterator::accept(): bool, or the #[\\ReturnTypeWillChange] attribute should be used to temporarily suppress the notice","file":"\/var\/www\/vhosts\/sankyo-steel.com\/httpdocs\/wp-content\/plugins\/all-in-one-wp-migration\/lib\/vendor\/servmask\/filter\/class-ai1wm-recursive-exclude-filter.php","line":43}

Jul 24 2025 09:08:48
{"type":8192,"message":"Return type of Ai1wm_Recursive_Exclude_Filter::accept() should either be compatible with FilterIterator::accept(): bool, or the #[\\ReturnTypeWillChange] attribute should be used to temporarily suppress the notice","file":"\/var\/www\/vhosts\/sankyo-steel.com\/httpdocs\/wp-content\/plugins\/all-in-one-wp-migration\/lib\/vendor\/servmask\/filter\/class-ai1wm-recursive-exclude-filter.php","line":43}

Jul 24 2025 09:08:51
{"type":8192,"message":"Return type of Ai1wm_Recursive_Exclude_Filter::accept() should either be compatible with FilterIterator::accept(): bool, or the #[\\ReturnTypeWillChange] attribute should be used to temporarily suppress the notice","file":"\/var\/www\/vhosts\/sankyo-steel.com\/httpdocs\/wp-content\/plugins\/all-in-one-wp-migration\/lib\/vendor\/servmask\/filter\/class-ai1wm-recursive-exclude-filter.php","line":43}

Jul 24 2025 09:08:51
{"type":8192,"message":"Return type of Ai1wm_Recursive_Exclude_Filter::accept() should either be compatible with FilterIterator::accept(): bool, or the #[\\ReturnTypeWillChange] attribute should be used to temporarily suppress the notice","file":"\/var\/www\/vhosts\/sankyo-steel.com\/httpdocs\/wp-content\/plugins\/all-in-one-wp-migration\/lib\/vendor\/servmask\/filter\/class-ai1wm-recursive-exclude-filter.php","line":43}

Jul 24 2025 09:08:51
{"type":8192,"message":"Return type of Ai1wm_Recursive_Exclude_Filter::accept() should either be compatible with FilterIterator::accept(): bool, or the #[\\ReturnTypeWillChange] attribute should be used to temporarily suppress the notice","file":"\/var\/www\/vhosts\/sankyo-steel.com\/httpdocs\/wp-content\/plugins\/all-in-one-wp-migration\/lib\/vendor\/servmask\/filter\/class-ai1wm-recursive-exclude-filter.php","line":43}

Jul 24 2025 09:08:53
{"type":8192,"message":"Return type of Ai1wm_Recursive_Exclude_Filter::accept() should either be compatible with FilterIterator::accept(): bool, or the #[\\ReturnTypeWillChange] attribute should be used to temporarily suppress the notice","file":"\/var\/www\/vhosts\/sankyo-steel.com\/httpdocs\/wp-content\/plugins\/all-in-one-wp-migration\/lib\/vendor\/servmask\/filter\/class-ai1wm-recursive-exclude-filter.php","line":43}

Jul 24 2025 09:08:53
{"type":8192,"message":"Optional parameter $override declared before required parameter $endpoint is implicitly treated as a required parameter","file":"\/var\/www\/vhosts\/sankyo-steel.com\/httpdocs\/wp-content\/plugins\/breadcrumb-navxt\/class.bcn_rest_controller.php","line":64}

Jul 24 2025 09:08:54
{"Number":8192,"Message":"rtrim(): Passing null to parameter #1 ($string) of type string is deprecated","File":"\/var\/www\/vhosts\/sankyo-steel.com\/httpdocs\/wp-includes\/formatting.php","Line":2829}

Jul 24 2025 09:08:54
{"Number":8192,"Message":"rtrim(): Passing null to parameter #1 ($string) of type string is deprecated","File":"\/var\/www\/vhosts\/sankyo-steel.com\/httpdocs\/wp-includes\/formatting.php","Line":2829}

Jul 24 2025 09:08:54
{"Number":8192,"Message":"rtrim(): Passing null to parameter #1 ($string) of type string is deprecated","File":"\/var\/www\/vhosts\/sankyo-steel.com\/httpdocs\/wp-includes\/formatting.php","Line":2829}

Jul 24 2025 09:08:54
{"Number":8192,"Message":"rtrim(): Passing null to parameter #1 ($string) of type string is deprecated","File":"\/var\/www\/vhosts\/sankyo-steel.com\/httpdocs\/wp-includes\/formatting.php","Line":2829}

Jul 24 2025 09:08:54
{"Number":8192,"Message":"rtrim(): Passing null to parameter #1 ($string) of type string is deprecated","File":"\/var\/www\/vhosts\/sankyo-steel.com\/httpdocs\/wp-includes\/formatting.php","Line":2829}

Jul 24 2025 09:08:54
{"Number":8192,"Message":"rtrim(): Passing null to parameter #1 ($string) of type string is deprecated","File":"\/var\/www\/vhosts\/sankyo-steel.com\/httpdocs\/wp-includes\/formatting.php","Line":2829}

Jul 24 2025 09:08:54
{"Number":8192,"Message":"rtrim(): Passing null to parameter #1 ($string) of type string is deprecated","File":"\/var\/www\/vhosts\/sankyo-steel.com\/httpdocs\/wp-includes\/formatting.php","Line":2829}

Jul 24 2025 09:08:54
{"Number":8192,"Message":"rtrim(): Passing null to parameter #1 ($string) of type string is deprecated","File":"\/var\/www\/vhosts\/sankyo-steel.com\/httpdocs\/wp-includes\/formatting.php","Line":2829}

Jul 24 2025 09:08:54
{"Number":8192,"Message":"rtrim(): Passing null to parameter #1 ($string) of type string is deprecated","File":"\/var\/www\/vhosts\/sankyo-steel.com\/httpdocs\/wp-includes\/formatting.php","Line":2829}

Jul 24 2025 09:08:54
{"Number":8192,"Message":"rtrim(): Passing null to parameter #1 ($string) of type string is deprecated","File":"\/var\/www\/vhosts\/sankyo-steel.com\/httpdocs\/wp-includes\/formatting.php","Line":2829}

Jul 24 2025 09:08:54
{"Number":8192,"Message":"rtrim(): Passing null to parameter #1 ($string) of type string is deprecated","File":"\/var\/www\/vhosts\/sankyo-steel.com\/httpdocs\/wp-includes\/formatting.php","Line":2829}

Jul 24 2025 09:08:54
{"Number":8192,"Message":"rtrim(): Passing null to parameter #1 ($string) of type string is deprecated","File":"\/var\/www\/vhosts\/sankyo-steel.com\/httpdocs\/wp-includes\/formatting.php","Line":2829}

Jul 24 2025 09:08:54
{"Number":8192,"Message":"rtrim(): Passing null to parameter #1 ($string) of type string is deprecated","File":"\/var\/www\/vhosts\/sankyo-steel.com\/httpdocs\/wp-includes\/formatting.php","Line":2829}

Jul 24 2025 09:08:54
{"Number":8192,"Message":"rtrim(): Passing null to parameter #1 ($string) of type string is deprecated","File":"\/var\/www\/vhosts\/sankyo-steel.com\/httpdocs\/wp-includes\/formatting.php","Line":2829}

Jul 24 2025 09:08:54
{"Number":8192,"Message":"rtrim(): Passing null to parameter #1 ($string) of type string is deprecated","File":"\/var\/www\/vhosts\/sankyo-steel.com\/httpdocs\/wp-includes\/formatting.php","Line":2829}

Jul 24 2025 09:08:54
{"Number":8192,"Message":"rtrim(): Passing null to parameter #1 ($string) of type string is deprecated","File":"\/var\/www\/vhosts\/sankyo-steel.com\/httpdocs\/wp-includes\/formatting.php","Line":2829}

Jul 24 2025 09:08:54
{"Number":8192,"Message":"rtrim(): Passing null to parameter #1 ($string) of type string is deprecated","File":"\/var\/www\/vhosts\/sankyo-steel.com\/httpdocs\/wp-includes\/formatting.php","Line":2829}

Jul 24 2025 09:08:54
{"Number":8192,"Message":"rtrim(): Passing null to parameter #1 ($string) of type string is deprecated","File":"\/var\/www\/vhosts\/sankyo-steel.com\/httpdocs\/wp-includes\/formatting.php","Line":2829}

Jul 24 2025 09:08:54
{"Number":8192,"Message":"rtrim(): Passing null to parameter #1 ($string) of type string is deprecated","File":"\/var\/www\/vhosts\/sankyo-steel.com\/httpdocs\/wp-includes\/formatting.php","Line":2829}

Jul 24 2025 09:08:54
{"Number":8192,"Message":"rtrim(): Passing null to parameter #1 ($string) of type string is deprecated","File":"\/var\/www\/vhosts\/sankyo-steel.com\/httpdocs\/wp-includes\/formatting.php","Line":2829}

Jul 24 2025 09:08:54
{"Number":8192,"Message":"rtrim(): Passing null to parameter #1 ($string) of type string is deprecated","File":"\/var\/www\/vhosts\/sankyo-steel.com\/httpdocs\/wp-includes\/formatting.php","Line":2829}

Jul 24 2025 09:08:54
{"Number":8192,"Message":"rtrim(): Passing null to parameter #1 ($string) of type string is deprecated","File":"\/var\/www\/vhosts\/sankyo-steel.com\/httpdocs\/wp-includes\/formatting.php","Line":2829}

Jul 24 2025 09:08:54
{"Number":8192,"Message":"rtrim(): Passing null to parameter #1 ($string) of type string is deprecated","File":"\/var\/www\/vhosts\/sankyo-steel.com\/httpdocs\/wp-includes\/formatting.php","Line":2829}

Jul 24 2025 09:08:54
{"Number":8192,"Message":"rtrim(): Passing null to parameter #1 ($string) of type string is deprecated","File":"\/var\/www\/vhosts\/sankyo-steel.com\/httpdocs\/wp-includes\/formatting.php","Line":2829}

Jul 24 2025 09:08:54
{"Number":8192,"Message":"rtrim(): Passing null to parameter #1 ($string) of type string is deprecated","File":"\/var\/www\/vhosts\/sankyo-steel.com\/httpdocs\/wp-includes\/formatting.php","Line":2829}

Jul 24 2025 09:08:54
{"Number":8192,"Message":"rtrim(): Passing null to parameter #1 ($string) of type string is deprecated","File":"\/var\/www\/vhosts\/sankyo-steel.com\/httpdocs\/wp-includes\/formatting.php","Line":2829}

Jul 24 2025 09:08:54
{"Number":8192,"Message":"rtrim(): Passing null to parameter #1 ($string) of type string is deprecated","File":"\/var\/www\/vhosts\/sankyo-steel.com\/httpdocs\/wp-includes\/formatting.php","Line":2829}

Jul 24 2025 09:08:54
{"Number":8192,"Message":"rtrim(): Passing null to parameter #1 ($string) of type string is deprecated","File":"\/var\/www\/vhosts\/sankyo-steel.com\/httpdocs\/wp-includes\/formatting.php","Line":2829}

Jul 24 2025 09:08:54
{"Number":8192,"Message":"rtrim(): Passing null to parameter #1 ($string) of type string is deprecated","File":"\/var\/www\/vhosts\/sankyo-steel.com\/httpdocs\/wp-includes\/formatting.php","Line":2829}

Jul 24 2025 09:08:54
{"Number":8192,"Message":"rtrim(): Passing null to parameter #1 ($string) of type string is deprecated","File":"\/var\/www\/vhosts\/sankyo-steel.com\/httpdocs\/wp-includes\/formatting.php","Line":2829}

Jul 24 2025 09:08:54
{"type":8192,"message":"Optional parameter $override declared before required parameter $endpoint is implicitly treated as a required parameter","file":"\/var\/www\/vhosts\/sankyo-steel.com\/httpdocs\/wp-content\/plugins\/breadcrumb-navxt\/class.bcn_rest_controller.php","line":64}

Jul 24 2025 09:08:55
{"type":8192,"message":"Return type of Ai1wm_Recursive_Exclude_Filter::accept() should either be compatible with FilterIterator::accept(): bool, or the #[\\ReturnTypeWillChange] attribute should be used to temporarily suppress the notice","file":"\/var\/www\/vhosts\/sankyo-steel.com\/httpdocs\/wp-content\/plugins\/all-in-one-wp-migration\/lib\/vendor\/servmask\/filter\/class-ai1wm-recursive-exclude-filter.php","line":43}

Jul 24 2025 09:08:55
{"type":8192,"message":"Return type of Ai1wm_Recursive_Exclude_Filter::accept() should either be compatible with FilterIterator::accept(): bool, or the #[\\ReturnTypeWillChange] attribute should be used to temporarily suppress the notice","file":"\/var\/www\/vhosts\/sankyo-steel.com\/httpdocs\/wp-content\/plugins\/all-in-one-wp-migration\/lib\/vendor\/servmask\/filter\/class-ai1wm-recursive-exclude-filter.php","line":43}

Jul 24 2025 09:08:55
{"type":8192,"message":"Return type of Ai1wm_Recursive_Exclude_Filter::accept() should either be compatible with FilterIterator::accept(): bool, or the #[\\ReturnTypeWillChange] attribute should be used to temporarily suppress the notice","file":"\/var\/www\/vhosts\/sankyo-steel.com\/httpdocs\/wp-content\/plugins\/all-in-one-wp-migration\/lib\/vendor\/servmask\/filter\/class-ai1wm-recursive-exclude-filter.php","line":43}

Jul 24 2025 09:08:55
{"type":8192,"message":"Optional parameter $override declared before required parameter $endpoint is implicitly treated as a required parameter","file":"\/var\/www\/vhosts\/sankyo-steel.com\/httpdocs\/wp-content\/plugins\/breadcrumb-navxt\/class.bcn_rest_controller.php","line":64}

Jul 24 2025 09:08:58
{"type":8192,"message":"Optional parameter $override declared before required parameter $endpoint is implicitly treated as a required parameter","file":"\/var\/www\/vhosts\/sankyo-steel.com\/httpdocs\/wp-content\/plugins\/breadcrumb-navxt\/class.bcn_rest_controller.php","line":64}

